Sat Jun  6 22:57:56 UTC 2026
Sun Jun  7 13:54:39 UTC 2026
Mon Jun  8 15:54:45 UTC 2026
Tue Jun  9 14:53:51 UTC 2026
Wed Jun 10 15:40:45 UTC 2026
Thu Jun 11 16:03:37 UTC 2026
Fri Jun 12 15:17:02 UTC 2026
Sat Jun 13 14:01:26 UTC 2026
Sun Jun 14 14:04:46 UTC 2026
Mon Jun 15 17:15:48 UTC 2026
Tue Jun 16 16:54:23 UTC 2026
Wed Jun 17 15:33:45 UTC 2026
Thu Jun 18 15:26:53 UTC 2026
Fri Jun 19 15:20:05 UTC 2026
Sat Jun 20 14:06:14 UTC 2026
Sun Jun 21 14:12:26 UTC 2026
Mon Jun 22 16:59:02 UTC 2026
Tue Jun 23 14:50:47 UTC 2026
Wed Jun 24 14:32:27 UTC 2026
Thu Jun 25 14:35:02 UTC 2026
Fri Jun 26 14:26:09 UTC 2026
Sat Jun 27 13:44:32 UTC 2026
Sun Jun 28 13:47:53 UTC 2026
Mon Jun 29 15:48:50 UTC 2026
Tue Jun 30 14:20:25 UTC 2026
Wed Jul  1 14:37:47 UTC 2026
Thu Jul  2 14:02:05 UTC 2026
Fri Jul  3 14:06:11 UTC 2026
Sat Jul  4 13:27:20 UTC 2026
Sun Jul  5 13:40:45 UTC 2026
Mon Jul  6 15:34:40 UTC 2026
Tue Jul  7 14:35:44 UTC 2026
Wed Jul  8 14:09:27 UTC 2026
Thu Jul  9 15:10:53 UTC 2026
Fri Jul 10 14:27:51 UTC 2026
Sat Jul 11 13:20:20 UTC 2026
Sun Jul 12 13:20:49 UTC 2026
Mon Jul 13 14:35:13 UTC 2026
Tue Jul 14 13:44:56 UTC 2026
Wed Jul 15 13:44:16 UTC 2026
Thu Jul 16 13:51:43 UTC 2026
Fri Jul 17 13:38:36 UTC 2026
Sat Jul 18 13:16:11 UTC 2026
Sun Jul 19 13:18:31 UTC 2026
Mon Jul 20 14:06:48 UTC 2026
Tue Jul 21 13:51:22 UTC 2026
Wed Jul 22 13:55:14 UTC 2026
Thu Jul 23 14:00:59 UTC 2026
Fri Jul 24 13:46:24 UTC 2026
Sat Jul 25 13:27:09 UTC 2026
Sun Jul 26 13:23:22 UTC 2026
Mon Jul 27 14:35:26 UTC 2026
Tue Jul 28 14:07:29 UTC 2026
Wed Jul 29 14:10:48 UTC 2026
Thu Jul 30 14:02:33 UTC 2026
Fri Jul 31 14:07:36 UTC 2026
Sat Aug  1 13:21:40 UTC 2026
Sun Aug  2 13:21:48 UTC 2026
Mon Aug  3 14:39:26 UTC 2026
Tue Aug  4 14:12:12 UTC 2026
Wed Aug  5 14:09:33 UTC 2026
Thu Aug  6 14:10:00 UTC 2026
Fri Aug  7 13:03:50 UTC 2026
Sat Aug  8 12:48:47 UTC 2026
Sun Aug  9 12:51:02 UTC 2026
Mon Aug 10 13:08:24 UTC 2026
Tue Aug 11 13:05:52 UTC 2026
Wed Aug 12 13:09:17 UTC 2026
Thu Aug 13 13:11:14 UTC 2026
Fri Aug 14 13:06:29 UTC 2026
Sat Aug 15 12:37:03 UTC 2026
Sun Aug 16 12:38:38 UTC 2026
Mon Aug 17 12:43:03 UTC 2026
Tue Aug 18 12:46:20 UTC 2026
Wed Aug 19 12:46:43 UTC 2026
Thu Aug 20 12:49:45 UTC 2026
Fri Aug 21 12:47:48 UTC 2026
Sat Aug 22 12:38:25 UTC 2026
Sun Aug 23 12:39:56 UTC 2026
Mon Aug 24 12:50:39 UTC 2026
Tue Aug 25 12:47:26 UTC 2026
Wed Aug 26 12:52:09 UTC 2026
Thu Aug 27 21:52:37 UTC 2026
Fri Aug 28 21:45:58 UTC 2026
Sat Aug 29 16:18:17 UTC 2026
Sun Aug 30 16:11:11 UTC 2026
